../Core/Src/AdapterSSD1306.c:22:6:AdapterSSD1306_Init	592	static
../Core/Src/AdapterSSD1306.c:42:6:AdapterSSD1306_LoadMenus	592	static
../Core/Src/AdapterSSD1306.c:70:6:AdapterSSD1306_SetDisplayColor	16	static
../Core/Src/AdapterSSD1306.c:84:6:AdapterSSD1306_WriteMenu	32	static
../Core/Src/AdapterSSD1306.c:102:6:AdapterSSD1306_WriteLine	24	static
../Core/Src/AdapterSSD1306.c:120:6:AdapterSSD1306_NextPage	8	static
../Core/Src/AdapterSSD1306.c:127:6:AdapterSSD1306_PreviousPage	8	static
../Core/Src/AdapterSSD1306.c:134:6:AdapterSSD1306_DarkMode	16	static
../Core/Src/AdapterSSD1306.c:141:6:AdapterSSD1306_UpdateTask	208	static
../Core/Src/AdapterSSD1306.c:163:6:AdapterSSD1306_RefreshDisplay	32	static
../Core/Src/AdapterSSD1306.c:196:6:AdapterSSD1306_SendDataToMenuQueueUpdate	16	static
../Core/Src/AdapterSSD1306.c:205:6:AdapterSSD1306_InitUpdateTask	48	static
