../Core/Src/AdapterSSD1306.c:22:6:AdapterSSD1306_Init	592	static
../Core/Src/AdapterSSD1306.c:42:6:AdapterSSD1306_LoadMenus	592	static
../Core/Src/AdapterSSD1306.c:68:6:AdapterSSD1306_SetDisplayColor	16	static
../Core/Src/AdapterSSD1306.c:82:6:AdapterSSD1306_Refresh	208	static
../Core/Src/AdapterSSD1306.c:95:6:AdapterSSD1306_WriteMenu	32	static
../Core/Src/AdapterSSD1306.c:113:6:AdapterSSD1306_WriteLine	24	static
../Core/Src/AdapterSSD1306.c:131:6:AdapterSSD1306_NextPage	8	static
../Core/Src/AdapterSSD1306.c:138:6:AdapterSSD1306_PreviousPage	8	static
../Core/Src/AdapterSSD1306.c:145:6:AdapterSSD1306_DarkMode	16	static
../Core/Src/AdapterSSD1306.c:152:6:AdapterSSD1306_UpdateTask	208	static
../Core/Src/AdapterSSD1306.c:174:6:AdapterSSD1306_RefreshDisplay	32	static
../Core/Src/AdapterSSD1306.c:207:6:AdapterSSD1306_SendDataToMenuQueueUpdate	16	static
../Core/Src/AdapterSSD1306.c:216:6:AdapterSSD1306_InitUpdateTask	48	static
