../Core/Src/FileSystemAPI.c:58:5:FileSystemInit	16	static
../Core/Src/FileSystemAPI.c:123:12:__sflags	32	static
../Core/Src/FileSystemAPI.c:160:5:dir_open	24	static
../Core/Src/FileSystemAPI.c:190:5:dir_read	24	static
../Core/Src/FileSystemAPI.c:210:5:dir_rewind	24	static
../Core/Src/FileSystemAPI.c:230:5:dir_close	24	static
../Core/Src/FileSystemAPI.c:249:14:file_open	32	static
../Core/Src/FileSystemAPI.c:298:5:file_close	24	static
../Core/Src/FileSystemAPI.c:336:8:file_read	32	static
../Core/Src/FileSystemAPI.c:359:7:file_gets	40	static
../Core/Src/FileSystemAPI.c:389:8:file_write	32	static
../Core/Src/FileSystemAPI.c:420:5:file_delete	16	static
../Core/Src/FileSystemAPI.c:431:5:file_exists	288	static
../Core/Src/FileSystemAPI.c:451:5:list_dir	336	static
../Core/Src/FileSystemAPI.c:484:5:list_files	344	static
../Core/Src/FileSystemAPI.c:526:5:file_ls	1448	static
../Core/Src/FileSystemAPI.c:595:5:file_size	24	static
../Core/Src/FileSystemAPI.c:609:5:file_printf	284	static
../Core/Src/FileSystemAPI.c:630:5:file_number	24	static
../Core/Src/FileSystemAPI.c:655:5:file_stat	24	static
../Core/Src/FileSystemAPI.c:680:5:file_seek	32	static
../Core/Src/FileSystemAPI.c:689:5:file_error	16	static
../Core/Src/FileSystemAPI.c:694:5:file_eof	16	static
../Core/Src/FileSystemAPI.c:703:5:file_tell	16	static
../Core/Src/FileSystemAPI.c:708:5:file_rename	16	static
