../Core/Src/file_system.c:66:6:LFS_Config	4	static
../Core/Src/file_system.c:138:5:lsfs_read	24	static
../Core/Src/file_system.c:159:5:lsfs_prog	24	static
../Core/Src/file_system.c:178:5:lsfs_erase	16	static
../Core/Src/file_system.c:192:5:lsfs_sync	16	static
../Core/Src/file_system.c:201:5:FS_Montar	24	static
../Core/Src/file_system.c:228:5:FS_Desmontar	24	static
../Core/Src/file_system.c:244:5:FS_InicializarFileSystem	24	static
../Core/Src/file_system.c:283:5:FS_Formatar	24	static
../Core/Src/file_system.c:293:5:FS_CriarDiretorio	24	static
../Core/Src/file_system.c:312:5:FS_AbrirDiretorio	32	static
../Core/Src/file_system.c:334:5:FS_FecharDiretorio	24	static
../Core/Src/file_system.c:356:5:FS_AbrirArquivo	32	static
../Core/Src/file_system.c:381:5:FS_FecharArquivo	24	static
../Core/Src/file_system.c:405:5:FS_SalvarArquivo	24	static
../Core/Src/file_system.c:426:5:FS_ExcluirPath	24	static
../Core/Src/file_system.c:445:5:FS_RewindArquivo	24	static
../Core/Src/file_system.c:468:13:FS_LerArquivo	32	static
../Core/Src/file_system.c:496:13:FS_EscreverArquivo	32	static
../Core/Src/file_system.c:526:5:FS_DIR_FIND	32	static
../Core/Src/file_system.c:564:5:FS_CONT_ARQ	40	static
../Core/Src/file_system.c:583:5:FS_CONT_DIR	32	static
