../Core/Src/logger.c:26:13:Log_returnLevelByString	16	static
../Core/Src/logger.c:70:7:Log_returnLevelString	16	static
../Core/Src/logger.c:100:8:Log_insertOnTheList	32	static
../Core/Src/logger.c:137:8:Log_printAllLogsOnTheList	40	static
../Core/Src/logger.c:163:10:Log_getLogByName	32	static
../Core/Src/logger.c:189:8:Log_setLevelWithName	32	static
../Core/Src/logger.c:206:8:Log_setLevel	48	static
../Core/Src/logger.c:225:8:Log_setAllLogsAtLevel	24	static
../Core/Src/logger.c:233:15:Log_getLevel	24	static
../Core/Src/logger.c:253:8:Log_restoreDefault	16	static
../Core/Src/logger.c:264:8:Log_init	32	static
../Core/Src/logger.c:290:8:Log_SaveFileConfig	8	static
../Core/Src/logger.c:304:8:Log_readFileConfig	24	static
../Core/Src/logger.c:336:8:Log_printVersion	8	static
../Core/Src/logger.c:345:8:Log_printLogo	8	static
../Core/Src/logger.c:354:8:Log_initModule	8	static
../Core/Src/logger.c:371:8:Log_restoreConfigFile	16	static
../Core/Src/logger.c:390:8:Log_printFrame	56	static
