../Core/Src/logger.c:30:13:Log_returnLevelByString	16	static
../Core/Src/logger.c:74:7:Log_returnLevelString	16	static
../Core/Src/logger.c:104:8:Log_insertOnTheList	48	static
../Core/Src/logger.c:141:8:Log_printAllLogsOnTheList	40	static
../Core/Src/logger.c:167:10:Log_getLogByName	32	static
../Core/Src/logger.c:193:8:Log_setLevelWithName	48	static
../Core/Src/logger.c:210:8:Log_setLevel	56	static
../Core/Src/logger.c:229:8:Log_setAllLogsAtLevel	24	static
../Core/Src/logger.c:237:15:Log_getLevel	24	static
../Core/Src/logger.c:257:8:Log_restoreDefault	16	static
../Core/Src/logger.c:268:8:Log_init	40	static
../Core/Src/logger.c:294:8:Log_SaveFileConfig	8	static
../Core/Src/logger.c:308:8:Log_readFileConfig	24	static
../Core/Src/logger.c:340:8:Log_printVersion	48	static
../Core/Src/logger.c:355:8:Log_printLogo	8	static
../Core/Src/logger.c:363:8:Log_initModule	16	static
../Core/Src/logger.c:383:8:Log_restoreConfigFile	24	static
../Core/Src/logger.c:402:8:Log_printFrame	56	static
